# Test file for 101-lazy_matrix_mul.py

>>> lazy_matrix_mul = __import__('101-lazy_matrix_mul').lazy_matrix_mul

# Test missing arguments
>>> lazy_matrix_mul()
Traceback (most recent call last):
TypeError: lazy_matrix_mul() missing 2 required positional arguments: 'm_a' and 'm_b'

>>> lazy_matrix_mul([[1, 2]])
Traceback (most recent call last):
TypeError: lazy_matrix_mul() missing 1 required positional argument: 'm_b'

# Test basic matrix multiplication
>>> lazy_matrix_mul([[1, 2], [3, 4]], [[1, 2], [3, 4]])
array([[ 7, 10],
       [15, 22]])

>>> lazy_matrix_mul([[1, 2]], [[3, 4], [5, 6]])
array([[13, 16]])

# Test with floats
>>> lazy_matrix_mul([[1.5, 2.5]], [[2.0], [3.0]])
array([[10.5]])

# Test with different valid dimensions
>>> lazy_matrix_mul([[1, 2, 3]], [[1], [2], [3]])
array([[14]])

>>> lazy_matrix_mul([[1], [2], [3]], [[1, 2, 3]])
array([[1, 2, 3],
       [2, 4, 6],
       [3, 6, 9]])
